// Jest Snapshot v1, https://goo.gl/fbAQLP

exports[`render EditExpensePage correctly 1`] = `
<div>
  <ExpenseForm
    expense={
      Object {
        "amount": 150,
        "createdAt": 259200000,
        "description": "Number3Three",
        "id": "3",
        "note": "noteNumber3",
      }
    }
    onFormSubmit={[Function]}
  />
  <button
    onClick={[Function]}
  >
    Remove
  </button>
</div>
`;
