// Jest Snapshot v1, https://goo.gl/fbAQLP

exports[`render ExpensListItem with expense from fixture 1`] = `
<Link
  className="list-item"
  to="/edit/1"
>
  <div>
    <h2
      className="list-item__title"
    >
      Number1One
    </h2>
    <span
      className="list-item__sub-title"
    >
      January 1st, 70
    </span>
  </div>
  <h2
    className="list-item__data"
  >
    $1.00
  </h2>
</Link>
`;
